19:40:27 **** Incremental Build of configuration Debug for project lab7 ****
make -j4 all 
arm-none-eabi-gcc "../Core/Src/main.c" -mcpu=cortex-m7 -std=gnu11 -g3 -DDEBUG -DUSE_HAL_DRIVER -DSTM32F767xx -c -I../Core/Inc -I../Drivers/STM32F7xx_HAL_Driver/Inc -I../Drivers/STM32F7xx_HAL_Driver/Inc/Legacy -I../Drivers/CMSIS/Device/ST/STM32F7xx/Include -I../Drivers/CMSIS/Include -O0 -ffunction-sections -fdata-sections -Wall -fstack-usage -MMD -MP -MF"Core/Src/main.d" -MT"Core/Src/main.o" --specs=nano.specs -mfpu=fpv5-d16 -mfloat-abi=hard -mthumb -o "Core/Src/main.o"
arm-none-eabi-gcc -o "lab7.elf" @"objects.list"   -mcpu=cortex-m7 -T"C:\Users\~Air~\STM32CubeIDE\workspace_1.7.0\lab7\STM32F767ZITX_FLASH.ld" --specs=nosys.specs -Wl,-Map="lab7.map" -Wl,--gc-sections -static --specs=nano.specs -mfpu=fpv5-d16 -mfloat-abi=hard -mthumb -Wl,--start-group -lc -lm -Wl,--end-group
Finished building target: lab7.elf
 
arm-none-eabi-size   lab7.elf 
arm-none-eabi-objdump -h -S  lab7.elf  > "lab7.list"
arm-none-eabi-objcopy  -O binary  lab7.elf  "lab7.bin"
   text	   data	    bss	    dec	    hex	filename
  15552	     24	   1784	  17360	   43d0	lab7.elf
Finished building: default.size.stdout
 
Finished building: lab7.bin
 
Finished building: lab7.list
 

19:40:34 Build Finished. 0 errors, 0 warnings. (took 6s.424ms)

